// Vitest Snapshot v1, https://vitest.dev/guide/snapshot.html

exports[`engine golden fixtures > matches compact chart signatures for 50 deterministic fixtures 1`] = `
[
  "fixture-01|America/New_York|1988-01-09T00:20|1988-01-09T05:20:00Z|off=300|hash={"zodiac":"t|sun=288.153|moon=164.139|venus=322.113|asc=198.991|mc=112.194|h1=198.991(Libra)|h10=108.991(Cancer)|aspects=Mercury-Uranus:Semisextile@0.2,Moon-Jupiter:Biquintile@0.7,Moon-Mercury:Sesquiquadrate@0.8,Saturn-Pluto:Semisquare@0.8,Venus-Neptune:Semisquare@1,Uranus-Pluto:Semisquare@1|warnings=true-node-approx+chiron-vertex-approx+equal-fallback",
  "fixture-02|America/Sao_Paulo|1988-01-09T03:40|1988-01-09T05:40:00Z|off=120|hash={"zodiac":"t|sun=288.167|moon=164.304|venus=322.13|asc=251.271|mc=147.632|h1=240(Sagittarius)|h10=150(Virgo)|aspects=Venus-Jupiter:Sextile@1.3,Saturn-Uranus:Conjunction@1.7,Mercury-Mars:Sextile@2,Moon-Pluto:Sextile@2.1,Sun-Jupiter:Square@2.6,Sun-Moon:Trine@3.9|warnings=true-node-approx+chiron-vertex-approx",
  "fixture-03|Europe/London|1988-01-09T06:05|1988-01-09T06:05:00Z|off=0|hash={"zodiac":"t|sun=288.185|moon=164.509|venus=322.151|asc=258.072|mc=200.714|h1=258.072(Sagittarius)|h10=168.072(Virgo)|aspects=Venus-Jupiter:Sextile@1.3,Saturn-Uranus:Conjunction@1.7,Mercury-Mars:Sextile@2,Moon-Pluto:Sextile@2.3,Sun-Jupiter:Square@2.6,Sun-Moon:Trine@3.7|warnings=true-node-approx+chiron-vertex-approx",
  "fixture-04|Asia/Tokyo|1988-01-09T09:30|1988-01-09T00:30:00Z|off=-540|hash={"zodiac":"t|sun=287.948|moon=161.758|venus=321.866|asc=336.584|mc=256.126|h1=336.584(Pisces)|h10=246.584(Sagittarius)|aspects=Moon-Pluto:Sextile@0.4,Saturn-Pluto:Semisquare@0.8,Uranus-Pluto:Semisquare@0.9,Venus-Jupiter:Sextile@1.1,Moon-Mercury:Sesquiquadrate@1.2,Venus-Neptune:Semisquare@1.2|warnings=true-node-approx+chiron-vertex-approx+equal-fallback",
  "fixture-05|Australia/Sydney|1988-01-09T12:00|1988-01-09T01:00:00Z|off=-660|hash={"zodiac":"t|sun=287.969|moon=162.004|venus=321.892|asc=3.386|mc=273.681|h1=3.386(Aries)|h10=273.386(Capricorn)|aspects=Moon-Pluto:Sextile@0.2,Venus-Jupiter:Sextile@1.1,Saturn-Uranus:Conjunction@1.7,Mercury-Mars:Sextile@2.2,Sun-Jupiter:Square@2.8,Moon-Neptune:Trine@3.9|warnings=true-node-approx+chiron-vertex-approx+equal-fallback",
  "fixture-06|America/New_York|1990-12-16T15:25|1990-12-16T20:25:00Z|off=300|hash={"zodiac":"t|sun=264.624|moon=261.045|venus=275.71|asc=69.331|mc=314.996|h1=60(Gemini)|h10=330(Pisces)|aspects=Venus-Mars:Biquintile@0.3,Sun-Saturn:Semisextile@0.7,Mercury-Uranus:Conjunction@0.8,Venus-Jupiter:Biquintile@1.4,Mars-Jupiter:Quintile@1.7,Jupiter-Uranus:Biquintile@1.7|warnings=true-node-approx+chiron-vertex-approx",
  "fixture-07|America/Sao_Paulo|1990-12-16T18:50|1990-12-16T20:50:00Z|off=120|hash={"zodiac":"t|sun=264.642|moon=261.25|venus=275.731|asc=75.629|mc=354.075|h1=75.629(Gemini)|h10=345.629(Pisces)|aspects=Jupiter-Neptune:Quincunx@0.4,Mercury-Uranus:Conjunction@0.8,Mars-Neptune:Sesquiquadrate@0.9,Venus-Pluto:Semisquare@1.6,Venus-Uranus:Conjunction@3.1,Sun-Moon:Conjunction@3.4|warnings=true-node-approx+chiron-vertex-approx",
  "fixture-08|Europe/London|1990-12-16T21:10|1990-12-16T21:10:00Z|off=0|hash={"zodiac":"t|sun=264.656|moon=261.414|venus=275.749|asc=146.729|mc=45.085|h1=146.729(Leo)|h10=56.729(Taurus)|aspects=Mercury-Uranus:Conjunction@0.8,Venus-Uranus:Conjunction@3.1,Sun-Moon:Conjunction@3.2,Mercury-Venus:Conjunction@3.9,Mercury-Neptune:Conjunction@3.9,Uranus-Neptune:Conjunction@4.7|warnings=true-node-approx+chiron-vertex-approx+equal-fallback",
  "fixture-09|Asia/Tokyo|1990-12-16T00:20|1990-12-15T15:20:00Z|off=-540|hash={"zodiac":"t|sun=263.391|moon=246.713|venus=274.188|asc=183.052|mc=93.37|h1=183.052(Libra)|h10=93.052(Cancer)|aspects=Mercury-Uranus:Conjunction@1.2,Mercury-Neptune:Conjunction@3.6,Venus-Uranus:Conjunction@4.6,Saturn-Pluto:Sextile@4.8,Uranus-Neptune:Conjunction@4.8,Mercury-Venus:Conjunction@5.8|warnings=true-node-approx+chiron-vertex-approx+equal-fallback",
  "fixture-10|Australia/Sydney|1990-12-16T03:40|1990-12-15T16:40:00Z|off=-660|hash={"zodiac":"t|sun=263.447|moon=247.37|venus=274.258|asc=230.164|mc=122.995|h1=210(Scorpio)|h10=120(Leo)|aspects=Venus-Pluto:Semisquare@0.2,Jupiter-Neptune:Quincunx@0.3,Mercury-Uranus:Conjunction@1.2,Mars-Neptune:Sesquiquadrate@1.2,Moon-Saturn:Semisquare@1.5,Mercury-Neptune:Conjunction@3.6|warnings=true-node-approx+chiron-vertex-approx",
  "fixture-11|America/New_York|1996-03-28T06:05|1996-03-28T11:05:00Z|off=300|hash={"zodiac":"t|sun=8.056|moon=113.293|venus=53.906|asc=14.468|mc=277.705|h1=14.468(Aries)|h10=284.468(Capricorn)|aspects=Mars-Pluto:Trine@0,Sun-Mercury:Conjunction@0.1,Moon-Venus:Sextile@0.6,Mars-Uranus:Sextile@0.9,Uranus-Pluto:Sextile@0.9,Jupiter-Saturn:Quintile@1.2|warnings=true-node-approx+chiron-vertex-approx",
  "fixture-12|America/Sao_Paulo|1996-03-28T09:30|1996-03-28T12:30:00Z|off=180|hash={"zodiac":"t|sun=8.114|moon=113.994|venus=53.966|asc=54.568|mc=328.371|h1=54.568(Taurus)|h10=324.568(Aquarius)|aspects=Moon-Venus:Sextile@0,Mars-Pluto:Trine@0.1,Sun-Mercury:Conjunction@0.2,Mars-Uranus:Sextile@0.9,Uranus-Pluto:Sextile@0.9,Saturn-Neptune:Sextile@1.3|warnings=true-node-approx+chiron-vertex-approx+equal-fallback",
  "fixture-13|Europe/London|1996-03-28T12:00|1996-03-28T12:00:00Z|off=0|hash={"zodiac":"t|sun=8.093|moon=113.747|venus=53.945|asc=120.976|mc=6.595|h1=120.976(Leo)|h10=30.976(Taurus)|aspects=Mars-Pluto:Trine@0,Sun-Mercury:Conjunction@0.2,Moon-Venus:Sextile@0.2,Mercury-Venus:Semisquare@0.7,Sun-Venus:Semisquare@0.9,Mars-Uranus:Sextile@0.9|warnings=true-node-approx+chiron-vertex-approx+equal-fallback",
  "fixture-14|Asia/Tokyo|1996-03-28T15:25|1996-03-28T06:25:00Z|off=-540|hash={"zodiac":"t|sun=7.863|moon=110.983|venus=53.71|asc=156.685|mc=63.856|h1=150(Virgo)|h10=60(Gemini)|aspects=Sun-Mercury:Conjunction@0.1,Mars-Pluto:Trine@0.1,Uranus-Pluto:Sextile@0.9,Mars-Uranus:Sextile@1,Saturn-Neptune:Sextile@1.3,Moon-Venus:Sextile@2.7|warnings=true-node-approx+chiron-vertex-approx",
  "fixture-15|Australia/Sydney|1996-03-28T18:50|1996-03-28T07:50:00Z|off=-660|hash={"zodiac":"t|sun=7.922|moon=111.684|venus=53.77|asc=187.244|mc=94.333|h1=187.244(Libra)|h10=97.244(Cancer)|aspects=Sun-Mercury:Conjunction@0,Mars-Pluto:Trine@0.1,Uranus-Pluto:Sextile@0.9,Mars-Uranus:Sextile@1,Saturn-Neptune:Sextile@1.3,Moon-Venus:Sextile@2.1|warnings=true-node-approx+chiron-vertex-approx",
  "fixture-16|America/New_York|2001-08-03T21:10|2001-08-04T01:10:00Z|off=240|hash={"zodiac":"t|sun=131.74|moon=309.572|venus=92.917|asc=336.45|mc=257.269|h1=336.45(Pisces)|h10=246.45(Sagittarius)|aspects=Moon-Mercury:Opposition@0.1,Saturn-Pluto:Opposition@0.2,Sun-Saturn:Sextile@0.7,Moon-Venus:Biquintile@0.7,Sun-Pluto:Trine@0.9,Moon-Jupiter:Biquintile@1.2|warnings=true-node-approx+chiron-vertex-approx+equal-fallback",
  "fixture-17|America/Sao_Paulo|2001-08-03T00:20|2001-08-03T03:20:00Z|off=180|hash={"zodiac":"t|sun=130.87|moon=298.729|venus=91.869|asc=44.074|mc=316.145|h1=44.074(Taurus)|h10=314.074(Aquarius)|aspects=Saturn-Pluto:Opposition@0.2,Mercury-Neptune:Opposition@0.5,Sun-Saturn:Sextile@1.5,Sun-Pluto:Trine@1.8,Venus-Jupiter:Conjunction@2.7,Sun-Mercury:Conjunction@3.1|warnings=true-node-approx+chiron-vertex-approx+equal-fallback",
  "fixture-18|Europe/London|2001-08-03T03:40|2001-08-03T02:40:00Z|off=-60|hash={"zodiac":"t|sun=130.843|moon=298.397|venus=91.837|asc=110.327|mc=350.88|h1=90(Cancer)|h10=0(Aries)|aspects=Saturn-Pluto:Opposition@0.2,Mercury-Neptune:Opposition@0.4,Sun-Saturn:Sextile@1.6,Sun-Pluto:Trine@1.8,Venus-Jupiter:Conjunction@2.7,Sun-Mercury:Conjunction@3.1|warnings=true-node-approx+chiron-vertex-approx",
  "fixture-19|Asia/Tokyo|2001-08-03T06:05|2001-08-02T21:05:00Z|off=-540|hash={"zodiac":"t|sun=130.62|moon=295.614|venus=91.57|asc=144.856|mc=49.866|h1=144.856(Leo)|h10=54.856(Taurus)|aspects=Mercury-Neptune:Opposition@0.1,Saturn-Pluto:Opposition@0.3,Sun-Saturn:Sextile@1.8,Moon-Saturn:Sesquiquadrate@1.8,Sun-Pluto:Trine@2,Jupiter-Neptune:Quincunx@2.8|warnings=true-node-approx+chiron-vertex-approx",
  "fixture-20|Australia/Sydney|2001-08-03T09:30|2001-08-02T23:30:00Z|off=-600|hash={"zodiac":"t|sun=130.717|moon=296.819|venus=91.686|asc=188.173|mc=94.891|h1=188.173(Libra)|h10=98.173(Cancer)|aspects=Mercury-Neptune:Opposition@0.1,Saturn-Pluto:Opposition@0.3,Sun-Saturn:Sextile@1.7,Sun-Pluto:Trine@1.9,Venus-Jupiter:Conjunction@2.8,Sun-Mercury:Conjunction@3.3|warnings=true-node-approx+chiron-vertex-approx+equal-fallback",
  "fixture-21|America/New_York|2005-11-21T12:00|2005-11-21T17:00:00Z|off=300|hash={"zodiac":"t|sun=239.484|moon=125.422|venus=285.098|asc=314.596|mc=243.792|h1=314.596(Aquarius)|h10=224.596(Scorpio)|aspects=Venus-Neptune:Semisextile@0.1,Moon-Jupiter:Square@0.3,Mercury-Uranus:Square@0.5,Mercury-Jupiter:Semisextile@0.6,Mars-Saturn:Square@0.8,Moon-Mercury:Trine@0.9|warnings=true-node-approx+chiron-vertex-approx+equal-fallback",
  "fixture-22|America/Sao_Paulo|2005-11-21T15:25|2005-11-21T17:25:00Z|off=120|hash={"zodiac":"t|sun=239.502|moon=125.63|venus=285.112|asc=8.181|mc=278.163|h1=0(Aries)|h10=270(Capricorn)|aspects=Moon-Jupiter:Square@0.1,Mercury-Uranus:Square@0.5,Sun-Venus:Semisquare@0.6,Moon-Mercury:Trine@0.7,Mars-Saturn:Square@0.8,Moon-Uranus:Quincunx@1.2|warnings=true-node-approx+chiron-vertex-approx",
  "fixture-23|Europe/London|2005-11-21T18:50|2005-11-21T18:50:00Z|off=0|hash={"zodiac":"t|sun=239.562|moon=126.336|venus=285.162|asc=103.827|mc=341.828|h1=103.827(Cancer)|h10=13.827(Aries)|aspects=Moon-Mercury:Trine@0.1,Moon-Jupiter:Square@0.6,Mercury-Uranus:Square@0.6,Mars-Saturn:Square@0.8,Jupiter-Uranus:Trine@1.1,Saturn-Neptune:Opposition@3.7|warnings=true-node-approx+chiron-vertex-approx",
  "fixture-24|Asia/Tokyo|2005-11-21T21:10|2005-11-21T12:10:00Z|off=-540|hash={"zodiac":"t|sun=239.281|moon=123.008|venus=284.929|asc=124.772|mc=24.557|h1=124.772(Leo)|h10=34.772(Taurus)|aspects=Mercury-Uranus:Square@0.3,Mars-Saturn:Square@0.7,Jupiter-Uranus:Trine@1.2,Moon-Jupiter:Square@2.7,Moon-Mercury:Trine@3.6,Sun-Moon:Trine@3.7|warnings=true-node-approx+chiron-vertex-approx+equal-fallback",
  "fixture-25|Australia/Sydney|2005-11-21T00:20|2005-11-20T13:20:00Z|off=-660|hash={"zodiac":"t|sun=238.321|moon=111.507|venus=284.124|asc=125.165|mc=53.258|h1=125.165(Leo)|h10=35.165(Taurus)|aspects=Moon-Uranus:Sesquiquadrate@0.3,Mars-Saturn:Square@0.5,Sun-Venus:Semisquare@0.8,Mercury-Uranus:Square@0.8,Moon-Mercury:Sesquiquadrate@1.1,Jupiter-Uranus:Trine@1.4|warnings=true-node-approx+chiron-vertex-approx+equal-fallback",
  "fixture-26|America/New_York|2010-06-14T03:40|2010-06-14T07:40:00Z|off=240|hash={"zodiac":"t|sun=83.164|moon=107.812|venus=119.943|asc=52.543|mc=301.266|h1=30(Taurus)|h10=300(Aquarius)|aspects=Venus-Uranus:Trine@0.5,Jupiter-Uranus:Conjunction@0.6,Mars-Pluto:Trine@0.7,Venus-Jupiter:Trine@1.1,Sun-Mars:Quintile@1.4,Venus-Saturn:Sextile@1.9|warnings=true-node-approx+chiron-vertex-approx",
  "fixture-27|America/Sao_Paulo|2010-06-14T06:05|2010-06-14T09:05:00Z|off=180|hash={"zodiac":"t|sun=83.221|moon=108.664|venus=120.012|asc=76.583|mc=355.248|h1=76.583(Gemini)|h10=346.583(Pisces)|aspects=Venus-Uranus:Trine@0.4,Mars-Pluto:Trine@0.6,Jupiter-Uranus:Conjunction@0.6,Venus-Jupiter:Trine@1,Venus-Saturn:Sextile@2,Saturn-Uranus:Opposition@2.4|warnings=true-node-approx+chiron-vertex-approx",
  "fixture-28|Europe/London|2010-06-14T09:30|2010-06-14T08:30:00Z|off=-60|hash={"zodiac":"t|sun=83.197|moon=108.313|venus=119.984|asc=137.851|mc=32.087|h1=137.851(Leo)|h10=47.851(Taurus)|aspects=Moon-Mars:Semisquare@0.4,Venus-Uranus:Trine@0.4,Mars-Pluto:Trine@0.6,Jupiter-Uranus:Conjunction@0.6,Saturn-Neptune:Quincunx@0.6,Venus-Jupiter:Trine@1|warnings=true-node-approx+chiron-vertex-approx+equal-fallback",
  "fixture-29|Asia/Tokyo|2010-06-14T12:00|2010-06-14T03:00:00Z|off=-540|hash={"zodiac":"t|sun=82.978|moon=105.01|venus=119.715|asc=177.474|mc=87.212|h1=177.474(Virgo)|h10=87.474(Gemini)|aspects=Jupiter-Uranus:Conjunction@0.6,Venus-Uranus:Trine@0.7,Mars-Pluto:Trine@0.8,Venus-Jupiter:Trine@1.3,Venus-Saturn:Sextile@1.7,Saturn-Uranus:Opposition@2.4|warnings=true-node-approx+chiron-vertex-approx+equal-fallback",
  "fixture-30|Australia/Sydney|2010-06-14T15:25|2010-06-14T05:25:00Z|off=-600|hash={"zodiac":"t|sun=83.075|moon=106.461|venus=119.833|asc=241.487|mc=132.406|h1=240(Sagittarius)|h10=150(Virgo)|aspects=Venus-Uranus:Trine@0.6,Jupiter-Uranus:Conjunction@0.6,Mars-Pluto:Trine@0.7,Venus-Jupiter:Trine@1.2,Venus-Saturn:Sextile@1.8,Saturn-Uranus:Opposition@2.4|warnings=true-node-approx+chiron-vertex-approx",
  "fixture-31|America/New_York|2014-09-29T18:50|2014-09-29T22:50:00Z|off=240|hash={"zodiac":"t|sun=186.715|moon=253.191|venus=180.102|asc=12.292|mc=276.531|h1=12.292(Aries)|h10=282.292(Capricorn)|aspects=Mars-Pluto:Semisextile@0.1,Saturn-Uranus:Biquintile@0.4,Venus-Jupiter:Semisquare@0.6,Jupiter-Uranus:Trine@0.9,Mercury-Venus:Semisextile@1,Moon-Venus:Quintile@1.1|warnings=true-node-approx+chiron-vertex-approx",
  "fixture-32|America/Sao_Paulo|2014-09-29T21:10|2014-09-30T00:10:00Z|off=180|hash={"zodiac":"t|sun=186.77|moon=253.933|venus=180.171|asc=52.35|mc=325.743|h1=52.35(Taurus)|h10=322.35(Aquarius)|aspects=Moon-Uranus:Trine@0.9,Jupiter-Uranus:Trine@0.9,Moon-Jupiter:Trine@1.8,Moon-Mars:Conjunction@2.9,Mars-Uranus:Trine@3.8,Uranus-Pluto:Square@3.8|warnings=true-node-approx+chiron-vertex-approx+equal-fallback",
  "fixture-33|Europe/London|2014-09-29T00:20|2014-09-28T23:20:00Z|off=-60|hash={"zodiac":"t|sun=185.754|moon=240.27|venus=178.881|asc=114.746|mc=357.303|h1=114.746(Cancer)|h10=24.746(Aries)|aspects=Jupiter-Uranus:Trine@0.7,Moon-Venus:Sextile@1.4,Uranus-Pluto:Square@3.9,Sun-Mars:Sextile@4.5,Mars-Uranus:Trine@4.6,Jupiter-Saturn:Square@4.7|warnings=true-node-approx+chiron-vertex-approx+equal-fallback",
  "fixture-34|Asia/Tokyo|2014-09-29T03:40|2014-09-28T18:40:00Z|off=-540|hash={"zodiac":"t|sun=185.563|moon=237.735|venus=178.638|asc=161.019|mc=68.826|h1=150(Virgo)|h10=60(Gemini)|aspects=Sun-Neptune:Quincunx@0.2,Sun-Saturn:Semisquare@0.3,Jupiter-Uranus:Trine@0.7,Moon-Venus:Sextile@0.9,Moon-Pluto:Semisquare@1.7,Venus-Jupiter:Semisquare@1.9|warnings=true-node-approx+chiron-vertex-approx",
  "fixture-35|Australia/Sydney|2014-09-29T06:05|2014-09-28T20:05:00Z|off=-600|hash={"zodiac":"t|sun=185.621|moon=238.504|venus=178.712|asc=195.225|mc=99.17|h1=195.225(Libra)|h10=105.225(Cancer)|aspects=Moon-Venus:Sextile@0.2,Jupiter-Uranus:Trine@0.7,Uranus-Pluto:Square@3.9,Mars-Uranus:Trine@4.7,Mars-Neptune:Square@4.8,Jupiter-Saturn:Square@4.8|warnings=true-node-approx+chiron-vertex-approx",
  "fixture-36|America/New_York|2018-02-07T09:30|2018-02-07T14:30:00Z|off=300|hash={"zodiac":"t|sun=318.759|moon=228.1|venus=325.779|asc=19.124|mc=280.255|h1=19.124(Aries)|h10=289.124(Capricorn)|aspects=Sun-Mars:Quintile@0.6,Sun-Moon:Square@0.7,Venus-Uranus:Sextile@0.7,Sun-Pluto:Semisextile@1.3,Mercury-Neptune:Semisextile@1.5,Mercury-Uranus:Quintile@1.6|warnings=true-node-approx+chiron-vertex-approx+equal-fallback",
  "fixture-37|America/Sao_Paulo|2018-02-07T12:00|2018-02-07T14:00:00Z|off=120|hash={"zodiac":"t|sun=318.738|moon=227.843|venus=325.753|asc=31.473|mc=302.204|h1=31.473(Taurus)|h10=301.473(Aquarius)|aspects=Venus-Uranus:Sextile@0.6,Sun-Moon:Square@0.9,Jupiter-Saturn:Semisquare@1.4,Sun-Saturn:Semisquare@1.7,Jupiter-Pluto:Sextile@1.9,Moon-Pluto:Sextile@2.2|warnings=true-node-approx+chiron-vertex-approx+equal-fallback",
  "fixture-38|Europe/London|2018-02-07T15:25|2018-02-07T15:25:00Z|off=0|hash={"zodiac":"t|sun=318.798|moon=228.571|venus=325.827|asc=122.963|mc=9.6|h1=120(Leo)|h10=30(Taurus)|aspects=Sun-Moon:Square@0.2,Venus-Uranus:Sextile@0.7,Moon-Pluto:Sextile@1.5,Jupiter-Pluto:Sextile@1.9,Sun-Jupiter:Square@3.1,Moon-Jupiter:Conjunction@3.3|warnings=true-node-approx+chiron-vertex-approx",
  "fixture-39|Asia/Tokyo|2018-02-07T18:50|2018-02-07T09:50:00Z|off=-540|hash={"zodiac":"t|sun=318.562|moon=225.695|venus=325.536|asc=158.963|mc=66.477|h1=158.963(Virgo)|h10=68.963(Gemini)|aspects=Venus-Uranus:Sextile@0.4,Jupiter-Pluto:Sextile@1.9,Moon-Neptune:Trine@2.7,Sun-Moon:Square@2.9,Sun-Jupiter:Square@3.3,Venus-Jupiter:Square@3.7|warnings=true-node-approx+chiron-vertex-approx",
  "fixture-40|Australia/Sydney|2018-02-07T21:10|2018-02-07T10:10:00Z|off=-660|hash={"zodiac":"t|sun=318.576|moon=225.867|venus=325.553|asc=166.54|mc=81.909|h1=166.54(Virgo)|h10=76.54(Gemini)|aspects=Venus-Uranus:Sextile@0.4,Jupiter-Saturn:Semisquare@1.4,Sun-Saturn:Semisquare@1.9,Jupiter-Pluto:Sextile@1.9,Sun-Moon:Square@2.7,Moon-Neptune:Trine@2.9|warnings=true-node-approx+chiron-vertex-approx+equal-fallback",
  "fixture-41|America/New_York|2022-05-18T00:20|2022-05-18T04:20:00Z|off=240|hash={"zodiac":"t|sun=57.231|moon=265.209|venus=17.835|asc=295.539|mc=229.284|h1=295.539(Capricorn)|h10=205.539(Libra)|aspects=Saturn-Neptune:Semisextile@0,Mars-Saturn:Semisextile@0.1,Mars-Neptune:Conjunction@0.1,Moon-Saturn:Sextile@0.2,Moon-Neptune:Square@0.2,Moon-Mars:Square@0.3|warnings=true-node-approx+chiron-vertex-approx+equal-fallback",
  "fixture-42|America/Sao_Paulo|2022-05-18T03:40|2022-05-18T06:40:00Z|off=180|hash={"zodiac":"t|sun=57.324|moon=266.662|venus=17.948|asc=20.882|mc=291.054|h1=0(Aries)|h10=270(Capricorn)|aspects=Mars-Neptune:Conjunction@0,Sun-Pluto:Trine@1.2,Mercury-Jupiter:Sextile@1.3,Moon-Mars:Square@1.7,Moon-Saturn:Sextile@1.7,Moon-Neptune:Square@1.7|warnings=true-node-approx+chiron-vertex-approx",
  "fixture-43|Europe/London|2022-05-18T06:05|2022-05-18T05:05:00Z|off=-60|hash={"zodiac":"t|sun=57.261|moon=265.676|venus=17.872|asc=74.802|mc=309.552|h1=74.802(Gemini)|h10=344.802(Pisces)|aspects=Mars-Neptune:Conjunction@0,Mercury-Venus:Semisquare@0.2,Moon-Mars:Square@0.7,Moon-Saturn:Sextile@0.7,Moon-Neptune:Square@0.7,Jupiter-Uranus:Semisquare@0.8|warnings=true-node-approx+chiron-vertex-approx",
  "fixture-44|Asia/Tokyo|2022-05-18T09:30|2022-05-18T00:30:00Z|off=-540|hash={"zodiac":"t|sun=57.077|moon=262.82|venus=17.65|asc=124.842|mc=24.648|h1=124.842(Leo)|h10=34.842(Taurus)|aspects=Mars-Neptune:Conjunction@0.2,Sun-Pluto:Trine@1.4,Mercury-Jupiter:Sextile@1.5,Moon-Mars:Square@2,Sun-Saturn:Square@2.1,Sun-Neptune:Sextile@2.1|warnings=true-node-approx+chiron-vertex-approx+equal-fallback",
  "fixture-45|Australia/Sydney|2022-05-18T12:00|2022-05-18T02:00:00Z|off=-600|hash={"zodiac":"t|sun=57.137|moon=263.755|venus=17.723|asc=132.635|mc=59.166|h1=132.635(Leo)|h10=42.635(Taurus)|aspects=Mars-Neptune:Conjunction@0.1,Moon-Mars:Square@1.1,Moon-Saturn:Sextile@1.2,Moon-Neptune:Square@1.2,Sun-Pluto:Trine@1.4,Mercury-Jupiter:Sextile@1.4|warnings=true-node-approx+chiron-vertex-approx+equal-fallback",
  "fixture-46|America/New_York|2025-10-11T15:25|2025-10-11T19:25:00Z|off=240|hash={"zodiac":"t|sun=198.734|moon=83.325|venus=177.422|asc=309.273|mc=240.059|h1=300(Aquarius)|h10=210(Scorpio)|aspects=Moon-Jupiter:Semisextile@0.3,Uranus-Pluto:Trine@0.4,Venus-Saturn:Opposition@0.5,Uranus-Neptune:Sextile@0.7,Moon-Mercury:Sesquiquadrate@0.8,Venus-Mars:Semisquare@0.9|warnings=true-node-approx+chiron-vertex-approx",
  "fixture-47|America/Sao_Paulo|2025-10-11T18:50|2025-10-11T21:50:00Z|off=180|hash={"zodiac":"t|sun=198.834|moon=84.772|venus=177.547|asc=32.008|mc=302.778|h1=32.008(Taurus)|h10=302.008(Aquarius)|aspects=Uranus-Pluto:Trine@0.4,Venus-Saturn:Opposition@0.6,Uranus-Neptune:Sextile@0.7,Neptune-Pluto:Sextile@1.1,Moon-Saturn:Square@2.2,Venus-Neptune:Opposition@2.7|warnings=true-node-approx+chiron-vertex-approx",
  "fixture-48|Europe/London|2025-10-11T21:10|2025-10-11T20:10:00Z|off=-60|hash={"zodiac":"t|sun=198.765|moon=83.774|venus=177.461|asc=86.314|mc=320.643|h1=86.314(Gemini)|h10=356.314(Pisces)|aspects=Uranus-Pluto:Trine@0.4,Venus-Saturn:Opposition@0.5,Uranus-Neptune:Sextile@0.7,Neptune-Pluto:Sextile@1.1,Venus-Neptune:Opposition@2.8,Moon-Saturn:Square@3.2|warnings=true-node-approx+chiron-vertex-approx+equal-fallback",
  "fixture-49|Asia/Tokyo|2025-10-11T00:20|2025-10-10T15:20:00Z|off=-540|hash={"zodiac":"t|sun=197.577|moon=66.258|venus=175.972|asc=129.973|mc=31.277|h1=129.973(Leo)|h10=39.973(Taurus)|aspects=Moon-Mercury:Quincunx@0.4,Mars-Saturn:Sesquiquadrate@0.4,Uranus-Pluto:Trine@0.4,Uranus-Neptune:Sextile@0.7,Venus-Saturn:Opposition@1.1,Neptune-Pluto:Sextile@1.1|warnings=true-node-approx+chiron-vertex-approx+equal-fallback",
  "fixture-50|Australia/Sydney|2025-10-11T03:40|2025-10-10T16:40:00Z|off=-660|hash={"zodiac":"t|sun=197.632|moon=67.078|venus=176.041|asc=137.511|mc=62.802|h1=120(Leo)|h10=30(Taurus)|aspects=Uranus-Pluto:Trine@0.4,Uranus-Neptune:Sextile@0.7,Venus-Saturn:Opposition@1,Neptune-Pluto:Sextile@1.1,Venus-Jupiter:Sextile@2.5,Saturn-Neptune:Conjunction@3.2|warnings=true-node-approx+chiron-vertex-approx",
]
`;
